.bail on

select sqlite_version();
┌──────────────────┐
│ sqlite_version() │
├──────────────────┤
│ '3.47.0'         │
└──────────────────┘

select vec_version();
┌───────────────┐
│ vec_version() │
├───────────────┤
│ 'v0.1.6'      │
└───────────────┘

select lembed_version();
┌──────────────────┐
│ lembed_version() │
├──────────────────┤
│ 'v0.0.1-alpha.8' │
└──────────────────┘

select lines_version();
┌─────────────────┐
│ lines_version() │
├─────────────────┤
│ 'TODO'          │
└─────────────────┘

select name from pragma_function_list order by name;
┌─────────────────────────────┐
│            name             │
├─────────────────────────────┤
│ '->'                        │
│ '->>'                       │
│ '_lembed_api'               │
│ 'abs'                       │
│ 'avg'                       │
│ 'base64'                    │
│ 'base85'                    │
│ 'changes'                   │
│ 'char'                      │
│ 'coalesce'                  │
│ 'concat'                    │
│ 'concat_ws'                 │
│ 'count'                     │
│ 'count'                     │
│ 'cume_dist'                 │
│ 'current_date'              │
│ 'current_time'              │
│ 'current_timestamp'         │
│ 'date'                      │
│ 'datetime'                  │
│ 'decimal'                   │
│ 'decimal_add'               │
│ 'decimal_cmp'               │
│ 'decimal_exp'               │
│ 'decimal_mul'               │
│ 'decimal_pow2'              │
│ 'decimal_sub'               │
│ 'decimal_sum'               │
│ 'dense_rank'                │
│ 'dtostr'                    │
│ 'dtostr'                    │
│ 'edit'                      │
│ 'edit'                      │
│ 'embedfile_version'         │
│ 'first_value'               │
│ 'format'                    │
│ 'glob'                      │
│ 'group_concat'              │
│ 'group_concat'              │
│ 'hex'                       │
│ 'ieee754'                   │
│ 'ieee754'                   │
│ 'ieee754_exponent'          │
│ 'ieee754_from_blob'         │
│ 'ieee754_inc'               │
│ 'ieee754_mantissa'          │
│ 'ieee754_to_blob'           │
│ 'ifnull'                    │
│ 'iif'                       │
│ 'instr'                     │
│ 'json'                      │
│ 'json_array'                │
│ 'json_array_length'         │
│ 'json_array_length'         │
│ 'json_error_position'       │
│ 'json_extract'              │
│ 'json_group_array'          │
│ 'json_group_object'         │
│ 'json_insert'               │
│ 'json_object'               │
│ 'json_patch'                │
│ 'json_pretty'               │
│ 'json_pretty'               │
│ 'json_quote'                │
│ 'json_remove'               │
│ 'json_replace'              │
│ 'json_set'                  │
│ 'json_type'                 │
│ 'json_type'                 │
│ 'json_valid'                │
│ 'json_valid'                │
│ 'jsonb'                     │
│ 'jsonb_array'               │
│ 'jsonb_extract'             │
│ 'jsonb_group_array'         │
│ 'jsonb_group_object'        │
│ 'jsonb_insert'              │
│ 'jsonb_object'              │
│ 'jsonb_patch'               │
│ 'jsonb_remove'              │
│ 'jsonb_replace'             │
│ 'jsonb_set'                 │
│ 'julianday'                 │
│ 'lag'                       │
│ 'lag'                       │
│ 'lag'                       │
│ 'last_insert_rowid'         │
│ 'last_value'                │
│ 'lead'                      │
│ 'lead'                      │
│ 'lead'                      │
│ 'lembed'                    │
│ 'lembed'                    │
│ 'lembed_context_options'    │
│ 'lembed_debug'              │
│ 'lembed_model_from_file'    │
│ 'lembed_model_options'      │
│ 'lembed_token_score'        │
│ 'lembed_token_to_piece'     │
│ 'lembed_tokenize_json'      │
│ 'lembed_tokenize_json'      │
│ 'lembed_version'            │
│ 'length'                    │
│ 'like'                      │
│ 'like'                      │
│ 'likelihood'                │
│ 'likely'                    │
│ 'lines_debug'               │
│ 'lines_version'             │
│ 'load_extension'            │
│ 'load_extension'            │
│ 'lower'                     │
│ 'lsmode'                    │
│ 'ltrim'                     │
│ 'ltrim'                     │
│ 'match'                     │
│ 'max'                       │
│ 'max'                       │
│ 'median'                    │
│ 'min'                       │
│ 'min'                       │
│ 'nth_value'                 │
│ 'ntile'                     │
│ 'nullif'                    │
│ 'octet_length'              │
│ 'percent_rank'              │
│ 'percentile'                │
│ 'percentile_cont'           │
│ 'percentile_disc'           │
│ 'printf'                    │
│ 'quote'                     │
│ 'random'                    │
│ 'randomblob'                │
│ 'rank'                      │
│ 'readfile'                  │
│ 'regexp'                    │
│ 'regexpi'                   │
│ 'replace'                   │
│ 'round'                     │
│ 'round'                     │
│ 'row_number'                │
│ 'rtrim'                     │
│ 'rtrim'                     │
│ 'sha1'                      │
│ 'sha1_query'                │
│ 'sha1b'                     │
│ 'sha3'                      │
│ 'sha3'                      │
│ 'sha3_agg'                  │
│ 'sha3_agg'                  │
│ 'sha3_query'                │
│ 'sha3_query'                │
│ 'shell_add_schema'          │
│ 'shell_module_schema'       │
│ 'shell_putsnl'              │
│ 'sign'                      │
│ 'sqlite_compileoption_get'  │
│ 'sqlite_compileoption_used' │
│ 'sqlite_log'                │
│ 'sqlite_source_id'          │
│ 'sqlite_version'            │
│ 'stmtrand'                  │
│ 'stmtrand'                  │
│ 'strftime'                  │
│ 'string_agg'                │
│ 'strtod'                    │
│ 'substr'                    │
│ 'substr'                    │
│ 'substring'                 │
│ 'substring'                 │
│ 'subtype'                   │
│ 'sum'                       │
│ 'time'                      │
│ 'timediff'                  │
│ 'total'                     │
│ 'total_changes'             │
│ 'trim'                      │
│ 'trim'                      │
│ 'typeof'                    │
│ 'unhex'                     │
│ 'unhex'                     │
│ 'unicode'                   │
│ 'unixepoch'                 │
│ 'unlikely'                  │
│ 'upper'                     │
│ 'usleep'                    │
│ 'vec_add'                   │
│ 'vec_bit'                   │
│ 'vec_debug'                 │
│ 'vec_distance_cosine'       │
│ 'vec_distance_hamming'      │
│ 'vec_distance_l1'           │
│ 'vec_distance_l2'           │
│ 'vec_f32'                   │
│ 'vec_int8'                  │
│ 'vec_length'                │
│ 'vec_normalize'             │
│ 'vec_quantize_binary'       │
│ 'vec_quantize_int8'         │
│ 'vec_slice'                 │
│ 'vec_sub'                   │
│ 'vec_to_json'               │
│ 'vec_type'                  │
│ 'vec_version'               │
│ 'writefile'                 │
│ 'zeroblob'                  │
└─────────────────────────────┘

select name from pragma_module_list order by name;
┌────────────────────────┐
│          name          │
├────────────────────────┤
│ 'completion'           │
│ 'csv'                  │
│ 'fsdir'                │
│ 'generate_series'      │
│ 'json_each'            │
│ 'json_tree'            │
│ 'lembed_batch'         │
│ 'lembed_models'        │
│ 'lines'                │
│ 'lines_read'           │
│ 'pragma_function_list' │
│ 'pragma_module_list'   │
│ 'vec0'                 │
│ 'vec_each'             │
└────────────────────────┘

select compile_options from pragma_compile_options order by 1;
┌───────────────────────────────────┐
│          compile_options          │
├───────────────────────────────────┤
│ 'ATOMIC_INTRINSICS=1'             │
│ 'COMPILER=clang-19.1.0'           │
│ 'DEFAULT_AUTOVACUUM'              │
│ 'DEFAULT_CACHE_SIZE=-2000'        │
│ 'DEFAULT_FILE_FORMAT=4'           │
│ 'DEFAULT_JOURNAL_SIZE_LIMIT=-1'   │
│ 'DEFAULT_MMAP_SIZE=0'             │
│ 'DEFAULT_PAGE_SIZE=4096'          │
│ 'DEFAULT_PCACHE_INITSZ=20'        │
│ 'DEFAULT_RECURSIVE_TRIGGERS'      │
│ 'DEFAULT_SECTOR_SIZE=4096'        │
│ 'DEFAULT_SYNCHRONOUS=2'           │
│ 'DEFAULT_WAL_AUTOCHECKPOINT=1000' │
│ 'DEFAULT_WAL_SYNCHRONOUS=2'       │
│ 'DEFAULT_WORKER_THREADS=0'        │
│ 'DIRECT_OVERFLOW_READ'            │
│ 'MALLOC_SOFT_LIMIT=1024'          │
│ 'MAX_ATTACHED=10'                 │
│ 'MAX_COLUMN=2000'                 │
│ 'MAX_COMPOUND_SELECT=500'         │
│ 'MAX_DEFAULT_PAGE_SIZE=8192'      │
│ 'MAX_EXPR_DEPTH=1000'             │
│ 'MAX_FUNCTION_ARG=127'            │
│ 'MAX_LENGTH=1000000000'           │
│ 'MAX_LIKE_PATTERN_LENGTH=50000'   │
│ 'MAX_MMAP_SIZE=0'                 │
│ 'MAX_PAGE_COUNT=0xfffffffe'       │
│ 'MAX_PAGE_SIZE=65536'             │
│ 'MAX_SQL_LENGTH=1000000000'       │
│ 'MAX_TRIGGER_DEPTH=1000'          │
│ 'MAX_VARIABLE_NUMBER=32766'       │
│ 'MAX_VDBE_OP=250000000'           │
│ 'MAX_WORKER_THREADS=8'            │
│ 'MUTEX_PTHREADS'                  │
│ 'SYSTEM_MALLOC'                   │
│ 'TEMP_STORE=1'                    │
│ 'THREADSAFE=1'                    │
└───────────────────────────────────┘
